<html>
<body>
<pre>
<h1>µVision Build Log</h1>
<h2>Tool Versions:</h2>
IDE-Version: ¦ÌVision V5.12.0.0
Copyright (C) 2014 ARM Ltd and ARM Germany GmbH. All rights reserved.
License Information: Johnson Lau, freeiot.org, LIC=8MZ9U-SH23Y-WIA5K-ZW29E-8PH1E-P7ZH9
 
Tool Versions:
Toolchain:       MDK-ARM Professional  Version: 5.12.0.0
Toolchain Path:  C:\Keil_v5\ARM\ARMCC\Bin
C Compiler:      Armcc.exe V5.05 (build 41)
Assembler:       Armasm.exe V5.05 (build 41)
Linker/Locator:  ArmLink.exe V5.05 (build 41)
Library Manager: ArmAr.exe V5.05 (build 41)
Hex Converter:   FromElf.exe V5.05 (build 41)
CPU DLL:         SARMCM3.DLL V5.12.0.0
Dialog DLL:      DARMSTM.DLL V1.65.0.0
Target DLL:      UL2CM3.DLL V1.153.0.0
Dialog DLL:      TARMSTM.DLL V1.64.0.0
 
<h2>Project:</h2>
C:\app\g-tide-mcu\MDK_Project\Project.uvprojx
Project File Date:  12/13/2014

<h2>Output:</h2>
Build target 'GoKit'
compiling buz_protocol.c...
linking...
Program Size: Code=13360 RO-data=268 RW-data=68 ZI-data=2068  
FromELF: creating hex file...
After Build - User command #1: fromelf --bin .\output\gokit.axf  --output .\output\gokit.bin
".\output\gokit.axf" - 0 Error(s), 0 Warning(s).

<h2>Collection of Component include folders:</h2>
  C:\app\g-tide-mcu\MDK_Project\RTE
  C:\Keil_v5\ARM\PACK\Keil\STM32F1xx_DFP\1.0.5\Device\Include

<h2>Collection of Component Files used:</h2>
Load "C:\\app\\g-tide-mcu\\MDK_Project\\output\\gokit.axf" 
Erase Done.
Programming Done.
Verify OK.
Application running ...
Load "C:\\app\\g-tide-mcu\\MDK_Project\\output\\gokit.axf" 
Erase Done.
Programming Done.
Verify OK.
Application running ...
</pre>
</body>
</html>
